121.250.214.91 - - [01/Dec/2017:16:37:59 +0800] "GET /statics/admin/css/base.css HTTP/1.1" 404 571 "http://106.14.125.177/admin/login/?next=/admin/" "Mozilla/4.0 (compatible; MSIE 7.0; Windows NT 10.0; WOW64; Trident/7.0; .NET4.0C; .NET4.0E; .NET CLR 2.0.50727; .NET CLR 3.0.30729; .NET CLR 3.5.30729; InfoPath.2; LCTE; 2345Explorer/8.8.3.16721)"
121.250.214.91 - - [01/Dec/2017:16:37:59 +0800] "GET /statics/admin/css/login.css HTTP/1.1" 404 571 "http://106.14.125.177/admin/login/?next=/admin/" "Mozilla/4.0 (compatible; MSIE 7.0; Windows NT 10.0; WOW64; Trident/7.0; .NET4.0C; .NET4.0E; .NET CLR 2.0.50727; .NET CLR 3.0.30729; .NET CLR 3.5.30729; InfoPath.2; LCTE; 2345Explorer/8.8.3.16721)"
121.250.223.29 - - [01/Dec/2017:16:38:07 +0800] "POST /register/ HTTP/1.1" 200 25 "http://106.14.125.177/" "Mozilla/5.0 (Windows NT 10.0; Win64; x64) AppleWebKit/537.36 (KHTML, like Gecko) Chrome/58.0.3029.110 Safari/537.36 Edge/16.16299"
121.250.223.29 - - [01/Dec/2017:16:38:11 +0800] "POST /register/ HTTP/1.1" 200 25 "http://106.14.125.177/" "Mozilla/5.0 (Windows NT 10.0; Win64; x64) AppleWebKit/537.36 (KHTML, like Gecko) Chrome/58.0.3029.110 Safari/537.36 Edge/16.16299"
121.250.223.29 - - [01/Dec/2017:16:38:13 +0800] "POST /register/ HTTP/1.1" 200 25 "http://106.14.125.177/" "Mozilla/5.0 (Windows NT 10.0; Win64; x64) AppleWebKit/537.36 (KHTML, like Gecko) Chrome/58.0.3029.110 Safari/537.36 Edge/16.16299"
121.250.214.91 - - [01/Dec/2017:16:38:18 +0800] "POST /register/ HTTP/1.1" 200 24 "http://106.14.125.177/" "Mozilla/4.0 (compatible; MSIE 7.0; Windows NT 10.0; WOW64; Trident/7.0; .NET4.0C; .NET4.0E; .NET CLR 2.0.50727; .NET CLR 3.0.30729; .NET CLR 3.5.30729; InfoPath.2; LCTE; 2345Explorer/8.8.3.16721)"
121.250.223.29 - - [01/Dec/2017:16:38:20 +0800] "POST /register/ HTTP/1.1" 200 25 "http://106.14.125.177/" "Mozilla/5.0 (Windows NT 10.0; Win64; x64) AppleWebKit/537.36 (KHTML, like Gecko) Chrome/58.0.3029.110 Safari/537.36 Edge/16.16299"
121.250.223.29 - - [01/Dec/2017:16:38:23 +0800] "POST /register/ HTTP/1.1" 200 25 "http://106.14.125.177/" "Mozilla/5.0 (Windows NT 10.0; Win64; x64) AppleWebKit/537.36 (KHTML, like Gecko) Chrome/58.0.3029.110 Safari/537.36 Edge/16.16299"
121.250.223.29 - - [01/Dec/2017:16:38:28 +0800] "GET / HTTP/1.1" 200 1465 "-" "Mozilla/5.0 (Windows NT 10.0; Win64; x64) AppleWebKit/537.36 (KHTML, like Gecko) Chrome/58.0.3029.110 Safari/537.36 Edge/16.16299"
121.250.223.29 - - [01/Dec/2017:16:38:28 +0800] "GET /statics/images/button1.png HTTP/1.1" 304 0 "http://106.14.125.177/" "Mozilla/5.0 (Windows NT 10.0; Win64; x64) AppleWebKit/537.36 (KHTML, like Gecko) Chrome/58.0.3029.110 Safari/537.36 Edge/16.16299"
121.250.223.29 - - [01/Dec/2017:16:38:28 +0800] "GET /statics/style/index.css HTTP/1.1" 304 0 "http://106.14.125.177/" "Mozilla/5.0 (Windows NT 10.0; Win64; x64) AppleWebKit/537.36 (KHTML, like Gecko) Chrome/58.0.3029.110 Safari/537.36 Edge/16.16299"
121.250.223.29 - - [01/Dec/2017:16:38:28 +0800] "GET /statics/images/user.png HTTP/1.1" 304 0 "http://106.14.125.177/" "Mozilla/5.0 (Windows NT 10.0; Win64; x64) AppleWebKit/537.36 (KHTML, like Gecko) Chrome/58.0.3029.110 Safari/537.36 Edge/16.16299"
121.250.223.29 - - [01/Dec/2017:16:38:28 +0800] "GET /statics/images/lock.png HTTP/1.1" 304 0 "http://106.14.125.177/" "Mozilla/5.0 (Windows NT 10.0; Win64; x64) AppleWebKit/537.36 (KHTML, like Gecko) Chrome/58.0.3029.110 Safari/537.36 Edge/16.16299"
121.250.223.29 - - [01/Dec/2017:16:38:28 +0800] "GET /statics/js/jquery-3.1.1.min.js HTTP/1.1" 304 0 "http://106.14.125.177/" "Mozilla/5.0 (Windows NT 10.0; Win64; x64) AppleWebKit/537.36 (KHTML, like Gecko) Chrome/58.0.3029.110 Safari/537.36 Edge/16.16299"
121.250.223.29 - - [01/Dec/2017:16:38:28 +0800] "GET /statics/images/bg.png HTTP/1.1" 304 0 "http://106.14.125.177/" "Mozilla/5.0 (Windows NT 10.0; Win64; x64) AppleWebKit/537.36 (KHTML, like Gecko) Chrome/58.0.3029.110 Safari/537.36 Edge/16.16299"
121.250.223.29 - - [01/Dec/2017:16:38:28 +0800] "GET /statics/js/common.js HTTP/1.1" 304 0 "http://106.14.125.177/" "Mozilla/5.0 (Windows NT 10.0; Win64; x64) AppleWebKit/537.36 (KHTML, like Gecko) Chrome/58.0.3029.110 Safari/537.36 Edge/16.16299"
121.250.223.29 - - [01/Dec/2017:16:38:28 +0800] "GET /statics/js/index.js HTTP/1.1" 304 0 "http://106.14.125.177/" "Mozilla/5.0 (Windows NT 10.0; Win64; x64) AppleWebKit/537.36 (KHTML, like Gecko) Chrome/58.0.3029.110 Safari/537.36 Edge/16.16299"
121.250.223.29 - - [01/Dec/2017:16:38:28 +0800] "GET /favicon.ico HTTP/1.1" 404 3853 "-" "Mozilla/5.0 (Windows NT 10.0; Win64; x64) AppleWebKit/537.36 (KHTML, like Gecko) Chrome/58.0.3029.110 Safari/537.36 Edge/16.16299"
121.250.214.91 - - [01/Dec/2017:16:38:33 +0800] "POST /register/ HTTP/1.1" 200 24 "http://106.14.125.177/" "Mozilla/4.0 (compatible; MSIE 7.0; Windows NT 10.0; WOW64; Trident/7.0; .NET4.0C; .NET4.0E; .NET CLR 2.0.50727; .NET CLR 3.0.30729; .NET CLR 3.5.30729; InfoPath.2; LCTE; 2345Explorer/8.8.3.16721)"
121.250.223.29 - - [01/Dec/2017:16:38:34 +0800] "POST /register/ HTTP/1.1" 200 25 "http://106.14.125.177/" "Mozilla/5.0 (Windows NT 10.0; Win64; x64) AppleWebKit/537.36 (KHTML, like Gecko) Chrome/58.0.3029.110 Safari/537.36 Edge/16.16299"
121.250.214.91 - - [01/Dec/2017:16:38:41 +0800] "GET /admin/ HTTP/1.1" 302 0 "-" "Mozilla/4.0 (compatible; MSIE 7.0; Windows NT 10.0; WOW64; Trident/7.0; .NET4.0C; .NET4.0E; .NET CLR 2.0.50727; .NET CLR 3.0.30729; .NET CLR 3.5.30729; InfoPath.2; LCTE; 2345Explorer/8.8.3.16721)"
121.250.214.91 - - [01/Dec/2017:16:38:41 +0800] "GET /admin/login/?next=/admin/ HTTP/1.1" 200 1652 "-" "Mozilla/4.0 (compatible; MSIE 7.0; Windows NT 10.0; WOW64; Trident/7.0; .NET4.0C; .NET4.0E; .NET CLR 2.0.50727; .NET CLR 3.0.30729; .NET CLR 3.5.30729; InfoPath.2; LCTE; 2345Explorer/8.8.3.16721)"
121.250.214.91 - - [01/Dec/2017:16:38:41 +0800] "GET /statics/admin/css/base.css HTTP/1.1" 404 571 "http://106.14.125.177/admin/login/?next=/admin/" "Mozilla/4.0 (compatible; MSIE 7.0; Windows NT 10.0; WOW64; Trident/7.0; .NET4.0C; .NET4.0E; .NET CLR 2.0.50727; .NET CLR 3.0.30729; .NET CLR 3.5.30729; InfoPath.2; LCTE; 2345Explorer/8.8.3.16721)"
121.250.214.91 - - [01/Dec/2017:16:38:41 +0800] "GET /statics/admin/css/login.css HTTP/1.1" 404 571 "http://106.14.125.177/admin/login/?next=/admin/" "Mozilla/4.0 (compatible; MSIE 7.0; Windows NT 10.0; WOW64; Trident/7.0; .NET4.0C; .NET4.0E; .NET CLR 2.0.50727; .NET CLR 3.0.30729; .NET CLR 3.5.30729; InfoPath.2; LCTE; 2345Explorer/8.8.3.16721)"
121.250.214.91 - - [01/Dec/2017:16:38:50 +0800] "POST /admin/login/?next=/admin/ HTTP/1.1" 200 1811 "http://106.14.125.177/admin/login/?next=/admin/" "Mozilla/4.0 (compatible; MSIE 7.0; Windows NT 10.0; WOW64; Trident/7.0; .NET4.0C; .NET4.0E; .NET CLR 2.0.50727; .NET CLR 3.0.30729; .NET CLR 3.5.30729; InfoPath.2; LCTE; 2345Explorer/8.8.3.16721)"
121.250.214.91 - - [01/Dec/2017:16:38:50 +0800] "GET /statics/admin/css/base.css HTTP/1.1" 404 571 "http://106.14.125.177/admin/login/?next=/admin/" "Mozilla/4.0 (compatible; MSIE 7.0; Windows NT 10.0; WOW64; Trident/7.0; .NET4.0C; .NET4.0E; .NET CLR 2.0.50727; .NET CLR 3.0.30729; .NET CLR 3.5.30729; InfoPath.2; LCTE; 2345Explorer/8.8.3.16721)"
121.250.214.91 - - [01/Dec/2017:16:38:50 +0800] "GET /statics/admin/css/login.css HTTP/1.1" 404 571 "http://106.14.125.177/admin/login/?next=/admin/" "Mozilla/4.0 (compatible; MSIE 7.0; Windows NT 10.0; WOW64; Trident/7.0; .NET4.0C; .NET4.0E; .NET CLR 2.0.50727; .NET CLR 3.0.30729; .NET CLR 3.5.30729; InfoPath.2; LCTE; 2345Explorer/8.8.3.16721)"
121.250.214.91 - - [01/Dec/2017:16:39:00 +0800] "POST /admin/login/?next=/admin/ HTTP/1.1" 200 1811 "http://106.14.125.177/admin/login/?next=/admin/" "Mozilla/4.0 (compatible; MSIE 7.0; Windows NT 10.0; WOW64; Trident/7.0; .NET4.0C; .NET4.0E; .NET CLR 2.0.50727; .NET CLR 3.0.30729; .NET CLR 3.5.30729; InfoPath.2; LCTE; 2345Explorer/8.8.3.16721)"
121.250.214.91 - - [01/Dec/2017:16:39:01 +0800] "GET /statics/admin/css/base.css HTTP/1.1" 404 571 "http://106.14.125.177/admin/login/?next=/admin/" "Mozilla/4.0 (compatible; MSIE 7.0; Windows NT 10.0; WOW64; Trident/7.0; .NET4.0C; .NET4.0E; .NET CLR 2.0.50727; .NET CLR 3.0.30729; .NET CLR 3.5.30729; InfoPath.2; LCTE; 2345Explorer/8.8.3.16721)"
121.250.214.91 - - [01/Dec/2017:16:39:01 +0800] "GET /statics/admin/css/login.css HTTP/1.1" 404 571 "http://106.14.125.177/admin/login/?next=/admin/" "Mozilla/4.0 (compatible; MSIE 7.0; Windows NT 10.0; WOW64; Trident/7.0; .NET4.0C; .NET4.0E; .NET CLR 2.0.50727; .NET CLR 3.0.30729; .NET CLR 3.5.30729; InfoPath.2; LCTE; 2345Explorer/8.8.3.16721)"
121.250.214.91 - - [01/Dec/2017:16:39:12 +0800] "POST /admin/login/?next=/admin/ HTTP/1.1" 302 0 "http://106.14.125.177/admin/login/?next=/admin/" "Mozilla/4.0 (compatible; MSIE 7.0; Windows NT 10.0; WOW64; Trident/7.0; .NET4.0C; .NET4.0E; .NET CLR 2.0.50727; .NET CLR 3.0.30729; .NET CLR 3.5.30729; InfoPath.2; LCTE; 2345Explorer/8.8.3.16721)"
121.250.214.91 - - [01/Dec/2017:16:39:12 +0800] "GET /admin/ HTTP/1.1" 200 4570 "http://106.14.125.177/admin/login/?next=/admin/" "Mozilla/4.0 (compatible; MSIE 7.0; Windows NT 10.0; WOW64; Trident/7.0; .NET4.0C; .NET4.0E; .NET CLR 2.0.50727; .NET CLR 3.0.30729; .NET CLR 3.5.30729; InfoPath.2; LCTE; 2345Explorer/8.8.3.16721)"
121.250.214.91 - - [01/Dec/2017:16:39:12 +0800] "GET /statics/admin/css/base.css HTTP/1.1" 404 571 "http://106.14.125.177/admin/" "Mozilla/4.0 (compatible; MSIE 7.0; Windows NT 10.0; WOW64; Trident/7.0; .NET4.0C; .NET4.0E; .NET CLR 2.0.50727; .NET CLR 3.0.30729; .NET CLR 3.5.30729; InfoPath.2; LCTE; 2345Explorer/8.8.3.16721)"
121.250.214.91 - - [01/Dec/2017:16:39:12 +0800] "GET /statics/admin/css/dashboard.css HTTP/1.1" 404 571 "http://106.14.125.177/admin/" "Mozilla/4.0 (compatible; MSIE 7.0; Windows NT 10.0; WOW64; Trident/7.0; .NET4.0C; .NET4.0E; .NET CLR 2.0.50727; .NET CLR 3.0.30729; .NET CLR 3.5.30729; InfoPath.2; LCTE; 2345Explorer/8.8.3.16721)"
121.250.223.29 - - [01/Dec/2017:16:39:13 +0800] "GET /admin/ HTTP/1.1" 302 0 "-" "Mozilla/5.0 (Windows NT 10.0; Win64; x64) AppleWebKit/537.36 (KHTML, like Gecko) Chrome/58.0.3029.110 Safari/537.36 Edge/16.16299"
121.250.223.29 - - [01/Dec/2017:16:39:13 +0800] "GET /admin/login/?next=/admin/ HTTP/1.1" 200 1652 "-" "Mozilla/5.0 (Windows NT 10.0; Win64; x64) AppleWebKit/537.36 (KHTML, like Gecko) Chrome/58.0.3029.110 Safari/537.36 Edge/16.16299"
121.250.223.29 - - [01/Dec/2017:16:39:14 +0800] "GET /statics/admin/css/base.css HTTP/1.1" 404 571 "http://106.14.125.177/admin/login/?next=/admin/" "Mozilla/5.0 (Windows NT 10.0; Win64; x64) AppleWebKit/537.36 (KHTML, like Gecko) Chrome/58.0.3029.110 Safari/537.36 Edge/16.16299"
121.250.223.29 - - [01/Dec/2017:16:39:14 +0800] "GET /statics/admin/css/login.css HTTP/1.1" 404 571 "http://106.14.125.177/admin/login/?next=/admin/" "Mozilla/5.0 (Windows NT 10.0; Win64; x64) AppleWebKit/537.36 (KHTML, like Gecko) Chrome/58.0.3029.110 Safari/537.36 Edge/16.16299"
121.250.223.29 - - [01/Dec/2017:16:39:14 +0800] "GET /favicon.ico HTTP/1.1" 404 3853 "-" "Mozilla/5.0 (Windows NT 10.0; Win64; x64) AppleWebKit/537.36 (KHTML, like Gecko) Chrome/58.0.3029.110 Safari/537.36 Edge/16.16299"
121.250.214.91 - - [01/Dec/2017:16:39:26 +0800] "GET /admin/game/guser/ HTTP/1.1" 200 4594 "http://106.14.125.177/admin/" "Mozilla/4.0 (compatible; MSIE 7.0; Windows NT 10.0; WOW64; Trident/7.0; .NET4.0C; .NET4.0E; .NET CLR 2.0.50727; .NET CLR 3.0.30729; .NET CLR 3.5.30729; InfoPath.2; LCTE; 2345Explorer/8.8.3.16721)"
121.250.214.91 - - [01/Dec/2017:16:39:26 +0800] "GET /statics/admin/css/base.css HTTP/1.1" 404 571 "http://106.14.125.177/admin/game/guser/" "Mozilla/4.0 (compatible; MSIE 7.0; Windows NT 10.0; WOW64; Trident/7.0; .NET4.0C; .NET4.0E; .NET CLR 2.0.50727; .NET CLR 3.0.30729; .NET CLR 3.5.30729; InfoPath.2; LCTE; 2345Explorer/8.8.3.16721)"
121.250.214.91 - - [01/Dec/2017:16:39:26 +0800] "GET /statics/admin/css/changelists.css HTTP/1.1" 404 571 "http://106.14.125.177/admin/game/guser/" "Mozilla/4.0 (compatible; MSIE 7.0; Windows NT 10.0; WOW64; Trident/7.0; .NET4.0C; .NET4.0E; .NET CLR 2.0.50727; .NET CLR 3.0.30729; .NET CLR 3.5.30729; InfoPath.2; LCTE; 2345Explorer/8.8.3.16721)"
121.250.214.91 - - [01/Dec/2017:16:39:26 +0800] "GET /statics/admin/js/admin/RelatedObjectLookups.js HTTP/1.1" 404 571 "http://106.14.125.177/admin/game/guser/" "Mozilla/4.0 (compatible; MSIE 7.0; Windows NT 10.0; WOW64; Trident/7.0; .NET4.0C; .NET4.0E; .NET CLR 2.0.50727; .NET CLR 3.0.30729; .NET CLR 3.5.30729; InfoPath.2; LCTE; 2345Explorer/8.8.3.16721)"
121.250.214.91 - - [01/Dec/2017:16:39:26 +0800] "GET /statics/admin/js/actions.js HTTP/1.1" 404 571 "http://106.14.125.177/admin/game/guser/" "Mozilla/4.0 (compatible; MSIE 7.0; Windows NT 10.0; WOW64; Trident/7.0; .NET4.0C; .NET4.0E; .NET CLR 2.0.50727; .NET CLR 3.0.30729; .NET CLR 3.5.30729; InfoPath.2; LCTE; 2345Explorer/8.8.3.16721)"
121.250.214.91 - - [01/Dec/2017:16:39:26 +0800] "GET /statics/admin/js/core.js HTTP/1.1" 404 571 "http://106.14.125.177/admin/game/guser/" "Mozilla/4.0 (compatible; MSIE 7.0; Windows NT 10.0; WOW64; Trident/7.0; .NET4.0C; .NET4.0E; .NET CLR 2.0.50727; .NET CLR 3.0.30729; .NET CLR 3.5.30729; InfoPath.2; LCTE; 2345Explorer/8.8.3.16721)"
121.250.214.91 - - [01/Dec/2017:16:39:26 +0800] "GET /statics/admin/js/vendor/jquery/jquery.js HTTP/1.1" 404 571 "http://106.14.125.177/admin/game/guser/" "Mozilla/4.0 (compatible; MSIE 7.0; Windows NT 10.0; WOW64; Trident/7.0; .NET4.0C; .NET4.0E; .NET CLR 2.0.50727; .NET CLR 3.0.30729; .NET CLR 3.5.30729; InfoPath.2; LCTE; 2345Explorer/8.8.3.16721)"
121.250.214.91 - - [01/Dec/2017:16:39:26 +0800] "GET /statics/admin/js/jquery.init.js HTTP/1.1" 404 571 "http://106.14.125.177/admin/game/guser/" "Mozilla/4.0 (compatible; MSIE 7.0; Windows NT 10.0; WOW64; Trident/7.0; .NET4.0C; .NET4.0E; .NET CLR 2.0.50727; .NET CLR 3.0.30729; .NET CLR 3.5.30729; InfoPath.2; LCTE; 2345Explorer/8.8.3.16721)"
121.250.214.91 - - [01/Dec/2017:16:39:26 +0800] "GET /admin/jsi18n/ HTTP/1.1" 200 3189 "http://106.14.125.177/admin/game/guser/" "Mozilla/4.0 (compatible; MSIE 7.0; Windows NT 10.0; WOW64; Trident/7.0; .NET4.0C; .NET4.0E; .NET CLR 2.0.50727; .NET CLR 3.0.30729; .NET CLR 3.5.30729; InfoPath.2; LCTE; 2345Explorer/8.8.3.16721)"
121.250.214.91 - - [01/Dec/2017:16:39:26 +0800] "GET /statics/admin/js/urlify.js HTTP/1.1" 404 571 "http://106.14.125.177/admin/game/guser/" "Mozilla/4.0 (compatible; MSIE 7.0; Windows NT 10.0; WOW64; Trident/7.0; .NET4.0C; .NET4.0E; .NET CLR 2.0.50727; .NET CLR 3.0.30729; .NET CLR 3.5.30729; InfoPath.2; LCTE; 2345Explorer/8.8.3.16721)"
121.250.214.91 - - [01/Dec/2017:16:39:26 +0800] "GET /statics/admin/js/prepopulate.js HTTP/1.1" 404 571 "http://106.14.125.177/admin/game/guser/" "Mozilla/4.0 (compatible; MSIE 7.0; Windows NT 10.0; WOW64; Trident/7.0; .NET4.0C; .NET4.0E; .NET CLR 2.0.50727; .NET CLR 3.0.30729; .NET CLR 3.5.30729; InfoPath.2; LCTE; 2345Explorer/8.8.3.16721)"
121.250.214.91 - - [01/Dec/2017:16:39:26 +0800] "GET /statics/admin/js/vendor/xregexp/xregexp.js HTTP/1.1" 404 571 "http://106.14.125.177/admin/game/guser/" "Mozilla/4.0 (compatible; MSIE 7.0; Windows NT 10.0; WOW64; Trident/7.0; .NET4.0C; .NET4.0E; .NET CLR 2.0.50727; .NET CLR 3.0.30729; .NET CLR 3.5.30729; InfoPath.2; LCTE; 2345Explorer/8.8.3.16721)"
121.250.223.29 - - [01/Dec/2017:16:39:59 +0800] "GET /admin/login/?next=/admin/ HTTP/1.1" 200 1652 "-" "Mozilla/5.0 (Windows NT 10.0; Win64; x64) AppleWebKit/537.36 (KHTML, like Gecko) Chrome/58.0.3029.110 Safari/537.36 Edge/16.16299"
121.250.223.29 - - [01/Dec/2017:16:39:59 +0800] "GET /statics/admin/css/login.css HTTP/1.1" 404 571 "http://106.14.125.177/admin/login/?next=/admin/" "Mozilla/5.0 (Windows NT 10.0; Win64; x64) AppleWebKit/537.36 (KHTML, like Gecko) Chrome/58.0.3029.110 Safari/537.36 Edge/16.16299"
121.250.223.29 - - [01/Dec/2017:16:39:59 +0800] "GET /statics/admin/css/base.css HTTP/1.1" 404 571 "http://106.14.125.177/admin/login/?next=/admin/" "Mozilla/5.0 (Windows NT 10.0; Win64; x64) AppleWebKit/537.36 (KHTML, like Gecko) Chrome/58.0.3029.110 Safari/537.36 Edge/16.16299"
121.250.223.29 - - [01/Dec/2017:16:39:59 +0800] "GET /favicon.ico HTTP/1.1" 404 3853 "-" "Mozilla/5.0 (Windows NT 10.0; Win64; x64) AppleWebKit/537.36 (KHTML, like Gecko) Chrome/58.0.3029.110 Safari/537.36 Edge/16.16299"
101.226.64.177 - - [01/Dec/2017:16:40:26 +0800] "GET / HTTP/1.1" 200 1465 "" "Mozilla/5.0 (iPhone; CPU iPhone OS 8_4 like Mac OS X) AppleWebKit/600.1.4 (KHTML, like Gecko) Version/8.0 Mobile/12H143 Safari/600.1.4"
101.226.64.177 - - [01/Dec/2017:16:40:26 +0800] "GET /statics/style/index.css HTTP/1.1" 200 2029 "http://106.14.125.177/" "Mozilla/5.0 (iPhone; CPU iPhone OS 8_4 like Mac OS X) AppleWebKit/600.1.4 (KHTML, like Gecko) Version/8.0 Mobile/12H143 Safari/600.1.4"
101.226.64.177 - - [01/Dec/2017:16:40:26 +0800] "GET /statics/images/user.png HTTP/1.1" 200 8378 "http://106.14.125.177/" "Mozilla/5.0 (iPhone; CPU iPhone OS 8_4 like Mac OS X) AppleWebKit/600.1.4 (KHTML, like Gecko) Version/8.0 Mobile/12H143 Safari/600.1.4"
101.226.64.177 - - [01/Dec/2017:16:40:26 +0800] "GET /statics/js/common.js HTTP/1.1" 200 125 "http://106.14.125.177/" "Mozilla/5.0 (iPhone; CPU iPhone OS 8_4 like Mac OS X) AppleWebKit/600.1.4 (KHTML, like Gecko) Version/8.0 Mobile/12H143 Safari/600.1.4"
101.226.64.177 - - [01/Dec/2017:16:40:26 +0800] "GET /statics/images/lock.png HTTP/1.1" 200 8945 "http://106.14.125.177/" "Mozilla/5.0 (iPhone; CPU iPhone OS 8_4 like Mac OS X) AppleWebKit/600.1.4 (KHTML, like Gecko) Version/8.0 Mobile/12H143 Safari/600.1.4"
101.226.64.177 - - [01/Dec/2017:16:40:26 +0800] "GET /statics/images/button1.png HTTP/1.1" 200 1727 "http://106.14.125.177/" "Mozilla/5.0 (iPhone; CPU iPhone OS 8_4 like Mac OS X) AppleWebKit/600.1.4 (KHTML, like Gecko) Version/8.0 Mobile/12H143 Safari/600.1.4"
101.226.64.177 - - [01/Dec/2017:16:40:26 +0800] "GET /statics/js/index.js HTTP/1.1" 200 3503 "http://106.14.125.177/" "Mozilla/5.0 (iPhone; CPU iPhone OS 8_4 like Mac OS X) AppleWebKit/600.1.4 (KHTML, like Gecko) Version/8.0 Mobile/12H143 Safari/600.1.4"
101.226.64.177 - - [01/Dec/2017:16:40:26 +0800] "GET /statics/images/button1.png HTTP/1.1" 200 1727 "http://106.14.125.177/" "Mozilla/5.0 (iPhone; CPU iPhone OS 8_4 like Mac OS X) AppleWebKit/600.1.4 (KHTML, like Gecko) Version/8.0 Mobile/12H143 Safari/600.1.4"
101.226.64.177 - - [01/Dec/2017:16:40:26 +0800] "GET /statics/js/jquery-3.1.1.min.js HTTP/1.1" 200 86709 "http://106.14.125.177/" "Mozilla/5.0 (iPhone; CPU iPhone OS 8_4 like Mac OS X) AppleWebKit/600.1.4 (KHTML, like Gecko) Version/8.0 Mobile/12H143 Safari/600.1.4"
101.226.64.177 - - [01/Dec/2017:16:40:26 +0800] "GET /statics/js/common.js HTTP/1.1" 200 125 "http://106.14.125.177/" "Mozilla/5.0 (iPhone; CPU iPhone OS 8_4 like Mac OS X) AppleWebKit/600.1.4 (KHTML, like Gecko) Version/8.0 Mobile/12H143 Safari/600.1.4"
101.226.64.177 - - [01/Dec/2017:16:40:26 +0800] "GET /statics/js/index.js HTTP/1.1" 200 3503 "http://106.14.125.177/" "Mozilla/5.0 (iPhone; CPU iPhone OS 8_4 like Mac OS X) AppleWebKit/600.1.4 (KHTML, like Gecko) Version/8.0 Mobile/12H143 Safari/600.1.4"
101.226.64.177 - - [01/Dec/2017:16:40:30 +0800] "GET /statics/images/bg.png HTTP/1.1" 200 595128 "http://106.14.125.177/" "Mozilla/5.0 (iPhone; CPU iPhone OS 8_4 like Mac OS X) AppleWebKit/600.1.4 (KHTML, like Gecko) Version/8.0 Mobile/12H143 Safari/600.1.4"
121.250.223.29 - - [01/Dec/2017:16:40:30 +0800] "GET / HTTP/1.1" 200 1465 "-" "Mozilla/5.0 (Windows NT 10.0; Win64; x64) AppleWebKit/537.36 (KHTML, like Gecko) Chrome/58.0.3029.110 Safari/537.36 Edge/16.16299"
121.250.223.29 - - [01/Dec/2017:16:40:30 +0800] "GET /favicon.ico HTTP/1.1" 404 3853 "-" "Mozilla/5.0 (Windows NT 10.0; Win64; x64) AppleWebKit/537.36 (KHTML, like Gecko) Chrome/58.0.3029.110 Safari/537.36 Edge/16.16299"
121.250.223.29 - - [01/Dec/2017:16:40:32 +0800] "GET /share.html HTTP/1.1" 404 3850 "http://106.14.125.177/" "Mozilla/5.0 (Windows NT 10.0; Win64; x64) AppleWebKit/537.36 (KHTML, like Gecko) Chrome/58.0.3029.110 Safari/537.36 Edge/16.16299"
121.250.223.29 - - [01/Dec/2017:16:40:33 +0800] "GET / HTTP/1.1" 200 1465 "-" "Mozilla/5.0 (Windows NT 10.0; Win64; x64) AppleWebKit/537.36 (KHTML, like Gecko) Chrome/58.0.3029.110 Safari/537.36 Edge/16.16299"
121.250.223.29 - - [01/Dec/2017:16:40:33 +0800] "GET /favicon.ico HTTP/1.1" 404 3853 "-" "Mozilla/5.0 (Windows NT 10.0; Win64; x64) AppleWebKit/537.36 (KHTML, like Gecko) Chrome/58.0.3029.110 Safari/537.36 Edge/16.16299"
121.250.223.29 - - [01/Dec/2017:16:40:36 +0800] "POST /register/ HTTP/1.1" 200 25 "http://106.14.125.177/" "Mozilla/5.0 (Windows NT 10.0; Win64; x64) AppleWebKit/537.36 (KHTML, like Gecko) Chrome/58.0.3029.110 Safari/537.36 Edge/16.16299"
106.120.161.66 - - [01/Dec/2017:16:41:07 +0800] "GET / HTTP/1.1" 200 1465 "http://106.14.125.177" "Mozilla/4.0 (compatible; MSIE 8.0; Windows NT 6.1; Trident/4.0; SLCC2; .NET CLR 2.0.50727; .NET CLR 3.5.30729; .NET CLR 3.0.30729; Media Center PC 6.0; Tablet PC 2.0)"
220.181.132.195 - - [01/Dec/2017:16:41:19 +0800] "GET / HTTP/1.1" 200 1465 "-" "Mozilla/5.0 (Windows NT 6.1) AppleWebKit/537.36 (KHTML, like Gecko) Chrome/36.0.1985.125 Safari/537.36"
220.181.132.195 - - [01/Dec/2017:16:41:19 +0800] "GET /statics/style/index.css HTTP/1.1" 200 2029 "http://106.14.125.177/" "Mozilla/5.0 (Windows NT 6.1) AppleWebKit/537.36 (KHTML, like Gecko) Chrome/36.0.1985.125 Safari/537.36"
220.181.132.195 - - [01/Dec/2017:16:41:19 +0800] "GET /statics/js/common.js HTTP/1.1" 200 125 "http://106.14.125.177/" "Mozilla/5.0 (Windows NT 6.1) AppleWebKit/537.36 (KHTML, like Gecko) Chrome/36.0.1985.125 Safari/537.36"
220.181.132.195 - - [01/Dec/2017:16:41:19 +0800] "GET /statics/js/index.js HTTP/1.1" 200 3503 "http://106.14.125.177/" "Mozilla/5.0 (Windows NT 6.1) AppleWebKit/537.36 (KHTML, like Gecko) Chrome/36.0.1985.125 Safari/537.36"
220.181.132.195 - - [01/Dec/2017:16:41:19 +0800] "GET /statics/js/jquery-3.1.1.min.js HTTP/1.1" 200 86709 "http://106.14.125.177/" "Mozilla/5.0 (Windows NT 6.1) AppleWebKit/537.36 (KHTML, like Gecko) Chrome/36.0.1985.125 Safari/537.36"
121.250.214.91 - - [01/Dec/2017:16:41:32 +0800] "GET / HTTP/1.1" 200 1465 "-" "Mozilla/4.0 (compatible; MSIE 7.0; Windows NT 10.0; WOW64; Trident/7.0; .NET4.0C; .NET4.0E; .NET CLR 2.0.50727; .NET CLR 3.0.30729; .NET CLR 3.5.30729; InfoPath.2; LCTE; 2345Explorer/8.8.3.16721)"
121.250.214.91 - - [01/Dec/2017:16:41:32 +0800] "GET /statics/style/index.css HTTP/1.1" 304 0 "http://106.14.125.177/" "Mozilla/4.0 (compatible; MSIE 7.0; Windows NT 10.0; WOW64; Trident/7.0; .NET4.0C; .NET4.0E; .NET CLR 2.0.50727; .NET CLR 3.0.30729; .NET CLR 3.5.30729; InfoPath.2; LCTE; 2345Explorer/8.8.3.16721)"
121.250.214.91 - - [01/Dec/2017:16:41:33 +0800] "GET /statics/images/button1.png HTTP/1.1" 304 0 "http://106.14.125.177/" "Mozilla/4.0 (compatible; MSIE 7.0; Windows NT 10.0; WOW64; Trident/7.0; .NET4.0C; .NET4.0E; .NET CLR 2.0.50727; .NET CLR 3.0.30729; .NET CLR 3.5.30729; InfoPath.2; LCTE; 2345Explorer/8.8.3.16721)"
121.250.214.91 - - [01/Dec/2017:16:41:33 +0800] "GET /statics/images/user.png HTTP/1.1" 304 0 "http://106.14.125.177/" "Mozilla/4.0 (compatible; MSIE 7.0; Windows NT 10.0; WOW64; Trident/7.0; .NET4.0C; .NET4.0E; .NET CLR 2.0.50727; .NET CLR 3.0.30729; .NET CLR 3.5.30729; InfoPath.2; LCTE; 2345Explorer/8.8.3.16721)"
121.250.214.91 - - [01/Dec/2017:16:41:33 +0800] "GET /statics/images/lock.png HTTP/1.1" 304 0 "http://106.14.125.177/" "Mozilla/4.0 (compatible; MSIE 7.0; Windows NT 10.0; WOW64; Trident/7.0; .NET4.0C; .NET4.0E; .NET CLR 2.0.50727; .NET CLR 3.0.30729; .NET CLR 3.5.30729; InfoPath.2; LCTE; 2345Explorer/8.8.3.16721)"
121.250.214.91 - - [01/Dec/2017:16:41:33 +0800] "GET /statics/js/jquery-3.1.1.min.js HTTP/1.1" 304 0 "http://106.14.125.177/" "Mozilla/4.0 (compatible; MSIE 7.0; Windows NT 10.0; WOW64; Trident/7.0; .NET4.0C; .NET4.0E; .NET CLR 2.0.50727; .NET CLR 3.0.30729; .NET CLR 3.5.30729; InfoPath.2; LCTE; 2345Explorer/8.8.3.16721)"
121.250.214.91 - - [01/Dec/2017:16:41:33 +0800] "GET /statics/images/bg.png HTTP/1.1" 304 0 "http://106.14.125.177/" "Mozilla/4.0 (compatible; MSIE 7.0; Windows NT 10.0; WOW64; Trident/7.0; .NET4.0C; .NET4.0E; .NET CLR 2.0.50727; .NET CLR 3.0.30729; .NET CLR 3.5.30729; InfoPath.2; LCTE; 2345Explorer/8.8.3.16721)"
121.250.214.91 - - [01/Dec/2017:16:41:33 +0800] "GET /statics/js/common.js HTTP/1.1" 304 0 "http://106.14.125.177/" "Mozilla/4.0 (compatible; MSIE 7.0; Windows NT 10.0; WOW64; Trident/7.0; .NET4.0C; .NET4.0E; .NET CLR 2.0.50727; .NET CLR 3.0.30729; .NET CLR 3.5.30729; InfoPath.2; LCTE; 2345Explorer/8.8.3.16721)"
121.250.214.91 - - [01/Dec/2017:16:41:33 +0800] "GET /statics/js/index.js HTTP/1.1" 304 0 "http://106.14.125.177/" "Mozilla/4.0 (compatible; MSIE 7.0; Windows NT 10.0; WOW64; Trident/7.0; .NET4.0C; .NET4.0E; .NET CLR 2.0.50727; .NET CLR 3.0.30729; .NET CLR 3.5.30729; InfoPath.2; LCTE; 2345Explorer/8.8.3.16721)"
121.250.214.91 - - [01/Dec/2017:16:41:36 +0800] "GET /share.html HTTP/1.1" 404 3850 "http://106.14.125.177/" "Mozilla/4.0 (compatible; MSIE 7.0; Windows NT 10.0; WOW64; Trident/7.0; .NET4.0C; .NET4.0E; .NET CLR 2.0.50727; .NET CLR 3.0.30729; .NET CLR 3.5.30729; InfoPath.2; LCTE; 2345Explorer/8.8.3.16721)"
